This is pdfTeX, Version 3.141592653-2.6-1.40.25 (TeX Live 2023/Debian) (preloaded format=pdflatex 2025.11.13)  30 NOV 2025 20:04
entering extended mode
 restricted \write18 enabled.
 %&-line parsing enabled.
**seminar_draft.tex
(./seminar_draft.tex
LaTeX2e <2023-11-01> patch level 1
L3 programming layer <2024-01-22>
(/usr/share/texlive/texmf-dist/tex/latex/base/report.cls
Document Class: report 2023/05/17 v1.4n Standard LaTeX document class
(/usr/share/texlive/texmf-dist/tex/latex/base/size12.clo
File: size12.clo 2023/05/17 v1.4n Standard LaTeX file (size option)
)
\c@part=\count187
\c@chapter=\count188
\c@section=\count189
\c@subsection=\count190
\c@subsubsection=\count191
\c@paragraph=\count192
\c@subparagraph=\count193
\c@figure=\count194
\c@table=\count195
\abovecaptionskip=\skip48
\belowcaptionskip=\skip49
\bibindent=\dimen140
)
(/usr/share/texlive/texmf-dist/tex/latex/base/inputenc.sty
Package: inputenc 2021/02/14 v1.3d Input encoding file
\inpenc@prehook=\toks17
\inpenc@posthook=\toks18
)
(/usr/share/texlive/texmf-dist/tex/latex/base/fontenc.sty
Package: fontenc 2021/04/29 v2.0v Standard LaTeX package
)
(/usr/share/texlive/texmf-dist/tex/latex/setspace/setspace.sty
Package: setspace 2022/12/04 v6.7b set line spacing
)
(/usr/share/texlive/texmf-dist/tex/latex/geometry/geometry.sty
Package: geometry 2020/01/02 v5.9 Page Geometry

(/usr/share/texlive/texmf-dist/tex/latex/graphics/keyval.sty
Package: keyval 2022/05/29 v1.15 key=value parser (DPC)
\KV@toks@=\toks19
)
(/usr/share/texlive/texmf-dist/tex/generic/iftex/ifvtex.sty
Package: ifvtex 2019/10/25 v1.7 ifvtex legacy package. Use iftex instead.

(/usr/share/texlive/texmf-dist/tex/generic/iftex/iftex.sty
Package: iftex 2022/02/03 v1.0f TeX engine tests
))
\Gm@cnth=\count196
\Gm@cntv=\count197
\c@Gm@tempcnt=\count198
\Gm@bindingoffset=\dimen141
\Gm@wd@mp=\dimen142
\Gm@odd@mp=\dimen143
\Gm@even@mp=\dimen144
\Gm@layoutwidth=\dimen145
\Gm@layoutheight=\dimen146
\Gm@layouthoffset=\dimen147
\Gm@layoutvoffset=\dimen148
\Gm@dimlist=\toks20
)
(/usr/share/texlive/texmf-dist/tex/latex/apacite/apacite.sty
Package: apacite 2013/07/21 v6.03 APA citation
\c@BibCnt=\count199
\bibleftmargin=\skip50
\bibindent=\skip51
\bibparsep=\skip52
\bibitemsep=\skip53
\biblabelsep=\skip54
)
(/usr/share/texlive/texmf-dist/tex/latex/graphics/graphicx.sty
Package: graphicx 2021/09/16 v1.2d Enhanced LaTeX Graphics (DPC,SPQR)

(/usr/share/texlive/texmf-dist/tex/latex/graphics/graphics.sty
Package: graphics 2022/03/10 v1.4e Standard LaTeX Graphics (DPC,SPQR)

(/usr/share/texlive/texmf-dist/tex/latex/graphics/trig.sty
Package: trig 2021/08/11 v1.11 sin cos tan (DPC)
)
(/usr/share/texlive/texmf-dist/tex/latex/graphics-cfg/graphics.cfg
File: graphics.cfg 2016/06/04 v1.11 sample graphics configuration
)
Package graphics Info: Driver file: pdftex.def on input line 107.

(/usr/share/texlive/texmf-dist/tex/latex/graphics-def/pdftex.def
File: pdftex.def 2022/09/22 v1.2b Graphics/color driver for pdftex
))
\Gin@req@height=\dimen149
\Gin@req@width=\dimen150
)
(/usr/share/texlive/texmf-dist/tex/latex/titlesec/titlesec.sty
Package: titlesec 2023/10/27 v2.16 Sectioning titles
\ttl@box=\box51
\beforetitleunit=\skip55
\aftertitleunit=\skip56
\ttl@plus=\dimen151
\ttl@minus=\dimen152
\ttl@toksa=\toks21
\titlewidth=\dimen153
\titlewidthlast=\dimen154
\titlewidthfirst=\dimen155
)
(/usr/share/texlive/texmf-dist/tex/latex/fancyhdr/fancyhdr.sty
Package: fancyhdr 2022/11/09 v4.1 Extensive control of page headers and footers

\f@nch@headwidth=\skip57
\f@nch@O@elh=\skip58
\f@nch@O@erh=\skip59
\f@nch@O@olh=\skip60
\f@nch@O@orh=\skip61
\f@nch@O@elf=\skip62
\f@nch@O@erf=\skip63
\f@nch@O@olf=\skip64
\f@nch@O@orf=\skip65
)
(/usr/share/texlive/texmf-dist/tex/latex/newtx/newtxtext.sty
Package: newtxtext 2024/01/11 v1.737(Michael Sharpe) latex and unicode latex su
pport for TeXGyreTermesX

`newtxtext' v1.737, 2024/01/11 Text macros taking advantage of TeXGyre Termes a
nd its extensions (msharpe)
(/usr/share/texlive/texmf-dist/tex/latex/xpatch/xpatch.sty
(/usr/share/texlive/texmf-dist/tex/latex/l3kernel/expl3.sty
Package: expl3 2024-01-22 L3 programming layer (loader) 

(/usr/share/texlive/texmf-dist/tex/latex/l3backend/l3backend-pdftex.def
File: l3backend-pdftex.def 2024-01-04 L3 backend support: PDF output (pdfTeX)
\l__color_backend_stack_int=\count266
\l__pdf_internal_box=\box52
))
Package: xpatch 2020/03/25 v0.3a Extending etoolbox patching commands

(/usr/share/texlive/texmf-dist/tex/latex/l3packages/xparse/xparse.sty
Package: xparse 2023-10-10 L3 Experimental document command parser
)
(/usr/share/texlive/texmf-dist/tex/latex/etoolbox/etoolbox.sty
Package: etoolbox 2020/10/05 v2.5k e-TeX tools for LaTeX (JAW)
\etb@tempcnta=\count267
))
(/usr/share/texlive/texmf-dist/tex/latex/xcolor/xcolor.sty
Package: xcolor 2023/11/15 v3.01 LaTeX color extensions (UK)

(/usr/share/texlive/texmf-dist/tex/latex/graphics-cfg/color.cfg
File: color.cfg 2016/01/02 v1.6 sample color configuration
)
Package xcolor Info: Driver file: pdftex.def on input line 274.

(/usr/share/texlive/texmf-dist/tex/latex/graphics/mathcolor.ltx)
Package xcolor Info: Model `cmy' substituted by `cmy0' on input line 1350.
Package xcolor Info: Model `hsb' substituted by `rgb' on input line 1354.
Package xcolor Info: Model `RGB' extended on input line 1366.
Package xcolor Info: Model `HTML' substituted by `rgb' on input line 1368.
Package xcolor Info: Model `Hsb' substituted by `hsb' on input line 1369.
Package xcolor Info: Model `tHsb' substituted by `hsb' on input line 1370.
Package xcolor Info: Model `HSB' substituted by `hsb' on input line 1371.
Package xcolor Info: Model `Gray' substituted by `gray' on input line 1372.
Package xcolor Info: Model `wave' substituted by `hsb' on input line 1373.
)
(/usr/share/texlive/texmf-dist/tex/latex/xkeyval/xkeyval.sty
Package: xkeyval 2022/06/16 v2.9 package option processing (HA)

(/usr/share/texlive/texmf-dist/tex/generic/xkeyval/xkeyval.tex
(/usr/share/texlive/texmf-dist/tex/generic/xkeyval/xkvutils.tex
\XKV@toks=\toks22
\XKV@tempa@toks=\toks23
)
\XKV@depth=\count268
File: xkeyval.tex 2014/12/03 v2.7a key=value parser (HA)
))
(/usr/share/texlive/texmf-dist/tex/latex/base/textcomp.sty
Package: textcomp 2020/02/02 v2.0n Standard LaTeX package
)
(/usr/share/texlive/texmf-dist/tex/generic/xstring/xstring.sty
(/usr/share/texlive/texmf-dist/tex/generic/xstring/xstring.tex
\xs_counta=\count269
\xs_countb=\count270
)
Package: xstring 2023/08/22 v1.86 String manipulations (CT)
)
(/usr/share/texlive/texmf-dist/tex/latex/base/ifthen.sty
Package: ifthen 2022/04/13 v1.1d Standard LaTeX ifthen package (DPC)
)
(/usr/share/texlive/texmf-dist/tex/latex/carlisle/scalefnt.sty)
LaTeX Font Info:    Setting ntxLF sub-encoding to TS1/0 on input line 24.
LaTeX Font Info:    Setting ntxTLF sub-encoding to TS1/0 on input line 24.
LaTeX Font Info:    Setting ntxOsF sub-encoding to TS1/0 on input line 24.
LaTeX Font Info:    Setting ntxTOsF sub-encoding to TS1/0 on input line 24.

(/usr/share/texlive/texmf-dist/tex/generic/kastrup/binhex.tex)
\ntx@tmpcnta=\count271
\ntx@cnt=\count272

(/usr/share/texlive/texmf-dist/tex/latex/fontaxes/fontaxes.sty
Package: fontaxes 2020/07/21 v1.0e Font selection axes
LaTeX Info: Redefining \upshape on input line 29.
LaTeX Info: Redefining \itshape on input line 31.
LaTeX Info: Redefining \slshape on input line 33.
LaTeX Info: Redefining \swshape on input line 35.
LaTeX Info: Redefining \scshape on input line 37.
LaTeX Info: Redefining \sscshape on input line 39.
LaTeX Info: Redefining \ulcshape on input line 41.
LaTeX Info: Redefining \textsw on input line 47.
LaTeX Info: Redefining \textssc on input line 48.
LaTeX Info: Redefining \textulc on input line 49.
)
\tx@sixem=\dimen156
\tx@y=\dimen157
\tx@x=\dimen158
\tx@tmpdima=\dimen159
\tx@tmpdimb=\dimen160
\tx@tmpdimc=\dimen161
\tx@tmpdimd=\dimen162
\tx@tmpdime=\dimen163
\tx@tmpdimf=\dimen164
\tx@dimA=\dimen165
\tx@dimAA=\dimen166
\tx@dimB=\dimen167
\tx@dimBB=\dimen168
\tx@dimC=\dimen169
LaTeX Info: Redefining \oldstylenums on input line 893.
)
(/usr/share/texlive/texmf-dist/tex/latex/newtx/newtxmath.sty
Package: newtxmath 2023/11/05 v1.732

`newtxmath' v1.732, 2023/11/05 Math macros based originally on txfonts (msharpe
) (/usr/share/texlive/texmf-dist/tex/latex/amsmath/amsmath.sty
Package: amsmath 2023/05/13 v2.17o AMS math features
\@mathmargin=\skip66

For additional information on amsmath, use the `?' option.
(/usr/share/texlive/texmf-dist/tex/latex/amsmath/amstext.sty
Package: amstext 2021/08/26 v2.01 AMS text

(/usr/share/texlive/texmf-dist/tex/latex/amsmath/amsgen.sty
File: amsgen.sty 1999/11/30 v2.0 generic functions
\@emptytoks=\toks24
\ex@=\dimen170
))
(/usr/share/texlive/texmf-dist/tex/latex/amsmath/amsbsy.sty
Package: amsbsy 1999/11/29 v1.2d Bold Symbols
\pmbraise@=\dimen171
)
(/usr/share/texlive/texmf-dist/tex/latex/amsmath/amsopn.sty
Package: amsopn 2022/04/08 v2.04 operator names
)
\inf@bad=\count273
LaTeX Info: Redefining \frac on input line 234.
\uproot@=\count274
\leftroot@=\count275
LaTeX Info: Redefining \overline on input line 399.
LaTeX Info: Redefining \colon on input line 410.
\classnum@=\count276
\DOTSCASE@=\count277
LaTeX Info: Redefining \ldots on input line 496.
LaTeX Info: Redefining \dots on input line 499.
LaTeX Info: Redefining \cdots on input line 620.
\Mathstrutbox@=\box53
\strutbox@=\box54
LaTeX Info: Redefining \big on input line 722.
LaTeX Info: Redefining \Big on input line 723.
LaTeX Info: Redefining \bigg on input line 724.
LaTeX Info: Redefining \Bigg on input line 725.
\big@size=\dimen172
LaTeX Font Info:    Redeclaring font encoding OML on input line 743.
LaTeX Font Info:    Redeclaring font encoding OMS on input line 744.
\macc@depth=\count278
LaTeX Info: Redefining \bmod on input line 905.
LaTeX Info: Redefining \pmod on input line 910.
LaTeX Info: Redefining \smash on input line 940.
LaTeX Info: Redefining \relbar on input line 970.
LaTeX Info: Redefining \Relbar on input line 971.
\c@MaxMatrixCols=\count279
\dotsspace@=\muskip16
\c@parentequation=\count280
\dspbrk@lvl=\count281
\tag@help=\toks25
\row@=\count282
\column@=\count283
\maxfields@=\count284
\andhelp@=\toks26
\eqnshift@=\dimen173
\alignsep@=\dimen174
\tagshift@=\dimen175
\tagwidth@=\dimen176
\totwidth@=\dimen177
\lineht@=\dimen178
\@envbody=\toks27
\multlinegap=\skip67
\multlinetaggap=\skip68
\mathdisplay@stack=\toks28
LaTeX Info: Redefining \[ on input line 2953.
LaTeX Info: Redefining \] on input line 2954.
)
(/usr/share/texlive/texmf-dist/tex/latex/oberdiek/centernot.sty
Package: centernot 2016/05/16 v1.4 Centers the not symbol horizontally (HO)
)
\tx@cntz=\count285

(/usr/share/texlive/texmf-dist/tex/generic/kastrup/binhex.tex)
\tx@Isdigit=\count286
\tx@IsAlNum=\count287
\tx@tA=\toks29
\tx@tB=\toks30
\tx@su=\read2

amsthm NOT loaded
LaTeX Font Info:    Redeclaring symbol font `operators' on input line 390.
LaTeX Font Info:    Overwriting symbol font `operators' in version `normal'
(Font)                  OT1/cmr/m/n --> OT1/minntx/m/n on input line 390.
LaTeX Font Info:    Overwriting symbol font `operators' in version `bold'
(Font)                  OT1/cmr/bx/n --> OT1/minntx/m/n on input line 390.
LaTeX Font Info:    Overwriting symbol font `operators' in version `bold'
(Font)                  OT1/minntx/m/n --> OT1/minntx/b/n on input line 391.
LaTeX Font Info:    Redeclaring math alphabet \mathsf on input line 397.
LaTeX Font Info:    Overwriting math alphabet `\mathsf' in version `normal'
(Font)                  OT1/cmss/m/n --> T1/qhv/m/n on input line 397.
LaTeX Font Info:    Overwriting math alphabet `\mathsf' in version `bold'
(Font)                  OT1/cmss/bx/n --> T1/qhv/m/n on input line 397.
LaTeX Font Info:    Redeclaring math alphabet \mathit on input line 398.
LaTeX Font Info:    Overwriting math alphabet `\mathit' in version `normal'
(Font)                  OT1/cmr/m/it --> OT1/minntx/m/it on input line 398.
LaTeX Font Info:    Overwriting math alphabet `\mathit' in version `bold'
(Font)                  OT1/cmr/bx/it --> OT1/minntx/m/it on input line 398.
LaTeX Font Info:    Redeclaring math alphabet \mathtt on input line 399.
LaTeX Font Info:    Overwriting math alphabet `\mathtt' in version `normal'
(Font)                  OT1/cmtt/m/n --> T1/ntxtt/m/n on input line 399.
LaTeX Font Info:    Overwriting math alphabet `\mathtt' in version `bold'
(Font)                  OT1/cmtt/m/n --> T1/ntxtt/m/n on input line 399.
LaTeX Font Info:    Redeclaring math alphabet \mathbf on input line 401.
LaTeX Font Info:    Overwriting math alphabet `\mathbf' in version `normal'
(Font)                  OT1/cmr/bx/n --> OT1/minntx/b/n on input line 401.
LaTeX Font Info:    Overwriting math alphabet `\mathbf' in version `bold'
(Font)                  OT1/cmr/bx/n --> OT1/minntx/b/n on input line 401.
LaTeX Font Info:    Overwriting math alphabet `\mathit' in version `bold'
(Font)                  OT1/minntx/m/it --> OT1/minntx/b/it on input line 402.
LaTeX Font Info:    Overwriting math alphabet `\mathsf' in version `bold'
(Font)                  T1/qhv/m/n --> T1/qhv/b/n on input line 403.
LaTeX Font Info:    Overwriting math alphabet `\mathtt' in version `bold'
(Font)                  T1/ntxtt/m/n --> T1/ntxtt/b/n on input line 404.
LaTeX Font Info:    Redeclaring symbol font `letters' on input line 506.
LaTeX Font Info:    Overwriting symbol font `letters' in version `normal'
(Font)                  OML/cmm/m/it --> OML/ntxmi/m/it on input line 506.
LaTeX Font Info:    Overwriting symbol font `letters' in version `bold'
(Font)                  OML/cmm/b/it --> OML/ntxmi/m/it on input line 506.
LaTeX Font Info:    Overwriting symbol font `letters' in version `bold'
(Font)                  OML/ntxmi/m/it --> OML/ntxmi/b/it on input line 507.
\symlettersA=\mathgroup4
LaTeX Font Info:    Overwriting symbol font `lettersA' in version `bold'
(Font)                  U/ntxmia/m/it --> U/ntxmia/b/it on input line 562.
Now handling font encoding LMS ...
... no UTF-8 mapping file for font encoding LMS
LaTeX Font Info:    Redeclaring symbol font `symbols' on input line 583.
LaTeX Font Info:    Encoding `OMS' has changed to `LMS' for symbol font
(Font)              `symbols' in the math version `normal' on input line 583.
LaTeX Font Info:    Overwriting symbol font `symbols' in version `normal'
(Font)                  OMS/cmsy/m/n --> LMS/ntxsy/m/n on input line 583.
LaTeX Font Info:    Encoding `OMS' has changed to `LMS' for symbol font
(Font)              `symbols' in the math version `bold' on input line 583.
LaTeX Font Info:    Overwriting symbol font `symbols' in version `bold'
(Font)                  OMS/cmsy/b/n --> LMS/ntxsy/m/n on input line 583.
LaTeX Font Info:    Overwriting symbol font `symbols' in version `bold'
(Font)                  LMS/ntxsy/m/n --> LMS/ntxsy/b/n on input line 584.
\symAMSm=\mathgroup5
LaTeX Font Info:    Overwriting symbol font `AMSm' in version `bold'
(Font)                  U/ntxsym/m/n --> U/ntxsym/b/n on input line 609.
\symsymbolsC=\mathgroup6
LaTeX Font Info:    Overwriting symbol font `symbolsC' in version `bold'
(Font)                  U/ntxsyc/m/n --> U/ntxsyc/b/n on input line 630.
Now handling font encoding LMX ...
... no UTF-8 mapping file for font encoding LMX
LaTeX Font Info:    Redeclaring symbol font `largesymbols' on input line 643.
LaTeX Font Info:    Encoding `OMX' has changed to `LMX' for symbol font
(Font)              `largesymbols' in the math version `normal' on input line 6
43.
LaTeX Font Info:    Overwriting symbol font `largesymbols' in version `normal'
(Font)                  OMX/cmex/m/n --> LMX/ntxexx/m/n on input line 643.
LaTeX Font Info:    Encoding `OMX' has changed to `LMX' for symbol font
(Font)              `largesymbols' in the math version `bold' on input line 643
.
LaTeX Font Info:    Overwriting symbol font `largesymbols' in version `bold'
(Font)                  OMX/cmex/m/n --> LMX/ntxexx/m/n on input line 643.
LaTeX Font Info:    Overwriting symbol font `largesymbols' in version `bold'
(Font)                  LMX/ntxexx/m/n --> LMX/ntxexx/b/n on input line 644.
\symlargesymbolsTXA=\mathgroup7
LaTeX Font Info:    Overwriting symbol font `largesymbolsTXA' in version `bold'

(Font)                  U/ntxexa/m/n --> U/ntxexa/b/n on input line 658.
\tx@sbptoks=\toks31
LaTeX Font Info:    Redeclaring math delimiter \lfloor on input line 881.
LaTeX Font Info:    Redeclaring math delimiter \rfloor on input line 882.
LaTeX Font Info:    Redeclaring math delimiter \lceil on input line 883.
LaTeX Font Info:    Redeclaring math delimiter \rceil on input line 884.
LaTeX Font Info:    Redeclaring math delimiter \lbrace on input line 889.
LaTeX Font Info:    Redeclaring math delimiter \rbrace on input line 890.
LaTeX Font Info:    Redeclaring math delimiter \langle on input line 892.
LaTeX Font Info:    Redeclaring math delimiter \rangle on input line 894.
LaTeX Font Info:    Redeclaring math delimiter \arrowvert on input line 898.
LaTeX Font Info:    Redeclaring math delimiter \vert on input line 899.
LaTeX Font Info:    Redeclaring math symbol \hbar on input line 945.
LaTeX Font Info:    Redeclaring math accent \dot on input line 970.
LaTeX Font Info:    Redeclaring math accent \ddot on input line 971.
LaTeX Font Info:    Redeclaring math accent \vec on input line 2044.
LaTeX Info: Redefining \Bbbk on input line 2834.
LaTeX Info: Redefining \not on input line 2982.
) (/usr/share/texlive/texmf-dist/tex/latex/gensymb/gensymb.sty
Package: gensymb 2022/10/17 v1.0.2 (KJH)
)
LaTeX Font Info:    Trying to load font information for T1+ntxtlf on input line
 40.

(/usr/share/texlive/texmf-dist/tex/latex/newtx/t1ntxtlf.fd
File: t1ntxtlf.fd 2021/05/24 v1.1 font definition file for T1/ntx/tlf
)
LaTeX Font Info:    Font shape `T1/ntxtlf/m/n' will be
(Font)              scaled to size 12.0pt on input line 40.

(./seminar_draft.aux

LaTeX Warning: Label `fig:hysteresis' multiply defined.


LaTeX Warning: Label `fig:hysteresis' multiply defined.


LaTeX Warning: Label `fig:hysteresis' multiply defined.


LaTeX Warning: Label `fig:hysteresis' multiply defined.


LaTeX Warning: Label `fig:hysteresis' multiply defined.


LaTeX Warning: Label `fig:hysteresis' multiply defined.


LaTeX Warning: Label `fig:hysteresis' multiply defined.


LaTeX Warning: Label `fig:hysteresis' multiply defined.


LaTeX Warning: Label `fig:hysteresis' multiply defined.


LaTeX Warning: Label `fig:hysteresis' multiply defined.

)
\openout1 = `seminar_draft.aux'.

LaTeX Font Info:    Checking defaults for OML/ntxmi/m/it on input line 40.
LaTeX Font Info:    Trying to load font information for OML+ntxmi on input line
 40.
 (/usr/share/texlive/texmf-dist/tex/latex/newtx/omlntxmi.fd
File: omlntxmi.fd 2015/08/25 Fontinst v1.933 font definitions for OML/ntxmi.
)
LaTeX Font Info:    ... okay on input line 40.
LaTeX Font Info:    Checking defaults for OMS/cmsy/m/n on input line 40.
LaTeX Font Info:    ... okay on input line 40.
LaTeX Font Info:    Checking defaults for OT1/cmr/m/n on input line 40.
LaTeX Font Info:    ... okay on input line 40.
LaTeX Font Info:    Checking defaults for T1/cmr/m/n on input line 40.
LaTeX Font Info:    ... okay on input line 40.
LaTeX Font Info:    Checking defaults for TS1/cmr/m/n on input line 40.
LaTeX Font Info:    ... okay on input line 40.
LaTeX Font Info:    Checking defaults for OMX/cmex/m/n on input line 40.
LaTeX Font Info:    ... okay on input line 40.
LaTeX Font Info:    Checking defaults for U/ntxexa/m/n on input line 40.
LaTeX Font Info:    Trying to load font information for U+ntxexa on input line 
40.

(/usr/share/texlive/texmf-dist/tex/latex/newtx/untxexa.fd
File: untxexa.fd 2012/04/16 Fontinst v1.933 font definitions for U/ntxexa.
)
LaTeX Font Info:    ... okay on input line 40.
LaTeX Font Info:    Checking defaults for LMS/ntxsy/m/n on input line 40.
LaTeX Font Info:    Trying to load font information for LMS+ntxsy on input line
 40.

(/usr/share/texlive/texmf-dist/tex/latex/newtx/lmsntxsy.fd
File: lmsntxsy.fd 2016/07/02 Fontinst v1.933 font definitions for LMS/ntxsy.
)
LaTeX Font Info:    ... okay on input line 40.
LaTeX Font Info:    Checking defaults for LMX/ntxexx/m/n on input line 40.
LaTeX Font Info:    Trying to load font information for LMX+ntxexx on input lin
e 40.

(/usr/share/texlive/texmf-dist/tex/latex/newtx/lmxntxexx.fd
File: lmxntxexx.fd 2016/07/03 Fontinst v1.933 font definitions for LMX/ntxexx.
)
LaTeX Font Info:    ... okay on input line 40.

*geometry* driver: auto-detecting
*geometry* detected driver: pdftex
*geometry* verbose mode - [ preamble ] result:
* driver: pdftex
* paper: a4paper
* layout: <same size as paper>
* layoutoffset:(h,v)=(0.0pt,0.0pt)
* modes: 
* h-part:(L,W,R)=(72.26999pt, 452.9679pt, 72.26999pt)
* v-part:(T,H,B)=(72.26999pt, 700.50687pt, 72.26999pt)
* \paperwidth=597.50787pt
* \paperheight=845.04684pt
* \textwidth=452.9679pt
* \textheight=700.50687pt
* \oddsidemargin=0.0pt
* \evensidemargin=0.0pt
* \topmargin=-37.0pt
* \headheight=12.0pt
* \headsep=25.0pt
* \topskip=12.0pt
* \footskip=30.0pt
* \marginparwidth=35.0pt
* \marginparsep=10.0pt
* \columnsep=10.0pt
* \skip\footins=10.8pt plus 4.0pt minus 2.0pt
* \hoffset=0.0pt
* \voffset=0.0pt
* \mag=1000
* \@twocolumnfalse
* \@twosidefalse
* \@mparswitchfalse
* \@reversemarginfalse
* (1in=72.27pt=25.4mm, 1cm=28.453pt)

\c@maskedRefs=\count288
(/usr/share/texlive/texmf-dist/tex/latex/apacite/english.apc
File: english.apc 2013/07/21 v6.03 apacite language file
LaTeX Info: Redefining \BPBI on input line 129.
LaTeX Info: Redefining \BHBI on input line 130.
)
(/usr/share/texlive/texmf-dist/tex/context/base/mkii/supp-pdf.mkii
[Loading MPS to PDF converter (version 2006.09.02).]
\scratchcounter=\count289
\scratchdimen=\dimen179
\scratchbox=\box55
\nofMPsegments=\count290
\nofMParguments=\count291
\everyMPshowfont=\toks32
\MPscratchCnt=\count292
\MPscratchDim=\dimen180
\MPnumerator=\count293
\makeMPintoPDFobject=\count294
\everyMPtoPDFconversion=\toks33
) (/usr/share/texlive/texmf-dist/tex/latex/epstopdf-pkg/epstopdf-base.sty
Package: epstopdf-base 2020-01-24 v2.11 Base part for package epstopdf
Package epstopdf-base Info: Redefining graphics rule for `.eps' on input line 4
85.

(/usr/share/texlive/texmf-dist/tex/latex/latexconfig/epstopdf-sys.cfg
File: epstopdf-sys.cfg 2010/07/13 v1.3 Configuration of (r)epstopdf for TeX Liv
e
))
\c@mv@tabular=\count295
\c@mv@boldtabular=\count296
LaTeX Info: Command `\dddot' is already robust on input line 40.
LaTeX Info: Command `\ddddot' is already robust on input line 40.
\symgns@font=\mathgroup8
LaTeX Font Info:    Overwriting symbol font `gns@font' in version `bold'
(Font)                  TS1/ntxtlf/m/n --> TS1/ntxtlf/b/n on input line 40.
Package gensymb Info: Math companion symbols declared on input line 40.
LaTeX Info: Redefining \degree on input line 40.
LaTeX Info: Redefining \celsius on input line 40.
Package gensymb Info: Using text companion symbols for \degree, \celsius and \p
erthousand on input line 40.
LaTeX Info: Redefining \ohm on input line 40.
Package gensymb Info: Using \textohm for \ohm on input line 40.
Package gensymb Info: Using \textmu for \micro on input line 40.
LaTeX Font Info:    Font shape `T1/ntxtlf/m/n' will be
(Font)              scaled to size 17.28pt on input line 45.
LaTeX Font Info:    Font shape `T1/ntxtlf/b/n' will be
(Font)              scaled to size 17.28pt on input line 45.
LaTeX Font Info:    Trying to load font information for OT1+minntx on input lin
e 45.

(/usr/share/texlive/texmf-dist/tex/latex/newtx/ot1minntx.fd
File: ot1minntx.fd 2023/09/09 v1.1 font definition file for OT1/minntx
)
LaTeX Font Info:    Trying to load font information for U+ntxmia on input line 
45.

(/usr/share/texlive/texmf-dist/tex/latex/newtx/untxmia.fd
File: untxmia.fd 2018/04/14 Fontinst v1.933 font definitions for U/ntxmia.
)
LaTeX Font Info:    Trying to load font information for U+ntxsym on input line 
45.

(/usr/share/texlive/texmf-dist/tex/latex/newtx/untxsym.fd
File: untxsym.fd 2023/08/16 Fontinst v1.933 font definitions for U/ntxsym.
)
LaTeX Font Info:    Trying to load font information for U+ntxsyc on input line 
45.

(/usr/share/texlive/texmf-dist/tex/latex/newtx/untxsyc.fd
File: untxsyc.fd 2012/04/12 Fontinst v1.933 font definitions for U/ntxsyc.
)
LaTeX Font Info:    Trying to load font information for TS1+ntxtlf on input lin
e 45.

(/usr/share/texlive/texmf-dist/tex/latex/newtx/ts1ntxtlf.fd
File: ts1ntxtlf.fd 2015/01/18 v1.0 fd file for TS1/ntxtlf
)
LaTeX Font Info:    Font shape `TS1/ntxtlf/m/n' will be
(Font)              scaled to size 17.28pt on input line 45.
LaTeX Font Info:    Font shape `TS1/ntxtlf/m/n' will be
(Font)              scaled to size 12.5pt on input line 45.
LaTeX Font Info:    Font shape `TS1/ntxtlf/m/n' will be
(Font)              scaled to size 9.4pt on input line 45.

Overfull \hbox (43.71077pt too wide) in paragraph at lines 45--45
 []$[]$ 
 []

LaTeX Font Info:    Font shape `T1/ntxtlf/m/it' will be
(Font)              scaled to size 12.0pt on input line 48.
LaTeX Font Info:    Font shape `T1/ntxtlf/m/n' will be
(Font)              scaled to size 14.4pt on input line 51.
LaTeX Font Info:    Font shape `T1/ntxtlf/b/n' will be
(Font)              scaled to size 14.4pt on input line 51.
<figures/ictlogo.jpg, id=1, 513.92pt x 513.92pt>
File: figures/ictlogo.jpg Graphic file (type jpg)
<use figures/ictlogo.jpg>
Package pdftex.def Info: figures/ictlogo.jpg  used on input line 70.
(pdftex.def)             Requested size: 135.89174pt x 135.89015pt.
LaTeX Font Info:    Font shape `T1/ntxtlf/m/n' will be
(Font)              scaled to size 10.95pt on input line 78.
LaTeX Font Info:    Font shape `T1/ntxtlf/b/n' will be
(Font)              scaled to size 12.0pt on input line 89.
[1

{/var/lib/texmf/fonts/map/pdftex/updmap/pdftex.map}{/usr/share/texlive/texmf-di
st/fonts/enc/dvips/newtx/ntx-ec-tlf.enc} <./figures/ictlogo.jpg>]
(./seminar_draft.toc
LaTeX Font Info:    Font shape `TS1/ntxtlf/m/n' will be
(Font)              scaled to size 12.0pt on input line 5.
LaTeX Font Info:    Font shape `TS1/ntxtlf/m/n' will be
(Font)              scaled to size 8.8pt on input line 5.
LaTeX Font Info:    Font shape `TS1/ntxtlf/m/n' will be
(Font)              scaled to size 6.6pt on input line 5.
 [1

])
\tf@toc=\write3
\openout3 = `seminar_draft.toc'.



Package fancyhdr Warning: \headheight is too small (12.0pt): 
(fancyhdr)                Make it at least 14.49998pt, for example:
(fancyhdr)                \setlength{\headheight}{14.49998pt}.
(fancyhdr)                You might also make \topmargin smaller to compensate:

(fancyhdr)                \addtolength{\topmargin}{-2.49998pt}.

[2] (./seminar_draft.lof)
\tf@lof=\write4
\openout4 = `seminar_draft.lof'.

 [3

] [4

]
Chapter 1.
<figures/fig1.png, id=22, 262.9825pt x 192.72pt>
File: figures/fig1.png Graphic file (type png)
<use figures/fig1.png>
Package pdftex.def Info: figures/fig1.png  used on input line 121.
(pdftex.def)             Requested size: 341.44781pt x 250.2213pt.

LaTeX Warning: `!h' float specifier changed to `!ht'.

<figures/fig2.jpg, id=23, 397.80478pt x 288.44044pt>
File: figures/fig2.jpg Graphic file (type jpg)
<use figures/fig2.jpg>
Package pdftex.def Info: figures/fig2.jpg  used on input line 130.
(pdftex.def)             Requested size: 341.44987pt x 247.57861pt.
[5

]

LaTeX Warning: `!h' float specifier changed to `!ht'.


Package fancyhdr Warning: \headheight is too small (12.0pt): 
(fancyhdr)                Make it at least 14.49998pt, for example:
(fancyhdr)                \setlength{\headheight}{14.49998pt}.
(fancyhdr)                You might also make \topmargin smaller to compensate:

(fancyhdr)                \addtolength{\topmargin}{-2.49998pt}.

[6{/usr/share/texmf/fonts/enc/dvips/tex-gyre/q-ts1.enc} <./figures/fig1.png>]
<figures/fig3.jpg, id=33, 134.30708pt x 127.9115pt>
File: figures/fig3.jpg Graphic file (type jpg)
<use figures/fig3.jpg>
Package pdftex.def Info: figures/fig3.jpg  used on input line 142.
(pdftex.def)             Requested size: 298.76361pt x 284.53679pt.


LaTeX Warning: `!h' float specifier changed to `!ht'.

<figures/fige.png, id=34, 465.99094pt x 341.77687pt>
File: figures/fige.png Graphic file (type png)
<use figures/fige.png>
Package pdftex.def Info: figures/fige.png  used on input line 152.
(pdftex.def)             Requested size: 341.44331pt x 284.54564pt.

Package fancyhdr Warning: \headheight is too small (12.0pt): 
(fancyhdr)                Make it at least 14.49998pt, for example:
(fancyhdr)                \setlength{\headheight}{14.49998pt}.
(fancyhdr)                You might also make \topmargin smaller to compensate:

(fancyhdr)                \addtolength{\topmargin}{-2.49998pt}.

[7 <./figures/fig2.jpg>]

Package fancyhdr Warning: \headheight is too small (12.0pt): 
(fancyhdr)                Make it at least 14.49998pt, for example:
(fancyhdr)                \setlength{\headheight}{14.49998pt}.
(fancyhdr)                You might also make \topmargin smaller to compensate:

(fancyhdr)                \addtolength{\topmargin}{-2.49998pt}.

[8 <./figures/fig3.jpg>]

Package fancyhdr Warning: \headheight is too small (12.0pt): 
(fancyhdr)                Make it at least 14.49998pt, for example:
(fancyhdr)                \setlength{\headheight}{14.49998pt}.
(fancyhdr)                You might also make \topmargin smaller to compensate:

(fancyhdr)                \addtolength{\topmargin}{-2.49998pt}.

[9 <./figures/fige.png>]
Chapter 2.

Overfull \hbox (8.16733pt too wide) in paragraph at lines 173--174
\T1/ntxtlf/m/n/12 The three elec-trode sys-tem as men-tioned pre-vi-ously con-s
ists of Work-ing elec-trode (WE),Reference
 []

<figures/figa.jpeg, id=46, 2312.64pt x 1734.48pt>
File: figures/figa.jpeg Graphic file (type jpg)
<use figures/figa.jpeg>
Package pdftex.def Info: figures/figa.jpeg  used on input line 177.
(pdftex.def)             Requested size: 341.41139pt x 256.05855pt.

LaTeX Warning: `!h' float specifier changed to `!ht'.

[10

]

Package fancyhdr Warning: \headheight is too small (12.0pt): 
(fancyhdr)                Make it at least 14.49998pt, for example:
(fancyhdr)                \setlength{\headheight}{14.49998pt}.
(fancyhdr)                You might also make \topmargin smaller to compensate:

(fancyhdr)                \addtolength{\topmargin}{-2.49998pt}.

[11{/usr/share/texlive/texmf-dist/fonts/enc/dvips/newtx/ntx-ot1-tlf.enc} <./fig
ures/figa.jpeg>]
LaTeX Font Info:    Font shape `T1/ntxtlf/m/n' will be
(Font)              scaled to size 8.8pt on input line 263.
LaTeX Font Info:    Font shape `T1/ntxtlf/m/n' will be
(Font)              scaled to size 6.6pt on input line 263.


Package fancyhdr Warning: \headheight is too small (12.0pt): 
(fancyhdr)                Make it at least 14.49998pt, for example:
(fancyhdr)                \setlength{\headheight}{14.49998pt}.
(fancyhdr)                You might also make \topmargin smaller to compensate:

(fancyhdr)                \addtolength{\topmargin}{-2.49998pt}.

[12]
<figures/fig4.jpg, id=62, 180.675pt x 142.6128pt>
File: figures/fig4.jpg Graphic file (type jpg)
<use figures/fig4.jpg>
Package pdftex.def Info: figures/fig4.jpg  used on input line 292.
(pdftex.def)             Requested size: 341.43306pt x 269.53087pt.


Package fancyhdr Warning: \headheight is too small (12.0pt): 
(fancyhdr)                Make it at least 14.49998pt, for example:
(fancyhdr)                \setlength{\headheight}{14.49998pt}.
(fancyhdr)                You might also make \topmargin smaller to compensate:

(fancyhdr)                \addtolength{\topmargin}{-2.49998pt}.

[13 <./figures/fig4.jpg>]

Package fancyhdr Warning: \headheight is too small (12.0pt): 
(fancyhdr)                Make it at least 14.49998pt, for example:
(fancyhdr)                \setlength{\headheight}{14.49998pt}.
(fancyhdr)                You might also make \topmargin smaller to compensate:

(fancyhdr)                \addtolength{\topmargin}{-2.49998pt}.

[14]

Package fancyhdr Warning: \headheight is too small (12.0pt): 
(fancyhdr)                Make it at least 14.49998pt, for example:
(fancyhdr)                \setlength{\headheight}{14.49998pt}.
(fancyhdr)                You might also make \topmargin smaller to compensate:

(fancyhdr)                \addtolength{\topmargin}{-2.49998pt}.

[15]

Package fancyhdr Warning: \headheight is too small (12.0pt): 
(fancyhdr)                Make it at least 14.49998pt, for example:
(fancyhdr)                \setlength{\headheight}{14.49998pt}.
(fancyhdr)                You might also make \topmargin smaller to compensate:

(fancyhdr)                \addtolength{\topmargin}{-2.49998pt}.

[16]
Chapter 3.
[17

]
<figures/figb.jpeg, id=78, 2312.64pt x 1734.48pt>
File: figures/figb.jpeg Graphic file (type jpg)
<use figures/figb.jpeg>
Package pdftex.def Info: figures/figb.jpeg  used on input line 381.
(pdftex.def)             Requested size: 341.41139pt x 256.05855pt.


LaTeX Warning: `!h' float specifier changed to `!ht'.

<figures/fig6.png, id=79, 364.36125pt x 152.82094pt>
File: figures/fig6.png Graphic file (type png)
<use figures/fig6.png>
Package pdftex.def Info: figures/fig6.png  used on input line 391.
(pdftex.def)             Requested size: 341.44327pt x 143.20862pt.

Package fancyhdr Warning: \headheight is too small (12.0pt): 
(fancyhdr)                Make it at least 26.96202pt, for example:
(fancyhdr)                \setlength{\headheight}{26.96202pt}.
(fancyhdr)                You might also make \topmargin smaller to compensate:

(fancyhdr)                \addtolength{\topmargin}{-14.96202pt}.

[18]

Package fancyhdr Warning: \headheight is too small (12.0pt): 
(fancyhdr)                Make it at least 26.96202pt, for example:
(fancyhdr)                \setlength{\headheight}{26.96202pt}.
(fancyhdr)                You might also make \topmargin smaller to compensate:

(fancyhdr)                \addtolength{\topmargin}{-14.96202pt}.

[19 <./figures/figb.jpeg> <./figures/fig6.png>]
<figures/figc.png, id=88, 554.82281pt x 322.95656pt>
File: figures/figc.png Graphic file (type png)
<use figures/figc.png>
Package pdftex.def Info: figures/figc.png  used on input line 407.
(pdftex.def)             Requested size: 341.43835pt x 198.74768pt.


Package fancyhdr Warning: \headheight is too small (12.0pt): 
(fancyhdr)                Make it at least 26.96202pt, for example:
(fancyhdr)                \setlength{\headheight}{26.96202pt}.
(fancyhdr)                You might also make \topmargin smaller to compensate:

(fancyhdr)                \addtolength{\topmargin}{-14.96202pt}.

[20 <./figures/figc.png>]
<figures/figi.jpeg, id=93, 2312.64pt x 1734.48pt>
File: figures/figi.jpeg Graphic file (type jpg)
<use figures/figi.jpeg>
Package pdftex.def Info: figures/figi.jpeg  used on input line 434.
(pdftex.def)             Requested size: 341.41139pt x 256.05855pt.


LaTeX Warning: `!h' float specifier changed to `!ht'.


Package fancyhdr Warning: \headheight is too small (12.0pt): 
(fancyhdr)                Make it at least 26.96202pt, for example:
(fancyhdr)                \setlength{\headheight}{26.96202pt}.
(fancyhdr)                You might also make \topmargin smaller to compensate:

(fancyhdr)                \addtolength{\topmargin}{-14.96202pt}.

[21]

Package fancyhdr Warning: \headheight is too small (12.0pt): 
(fancyhdr)                Make it at least 26.96202pt, for example:
(fancyhdr)                \setlength{\headheight}{26.96202pt}.
(fancyhdr)                You might also make \topmargin smaller to compensate:

(fancyhdr)                \addtolength{\topmargin}{-14.96202pt}.

[22 <./figures/figi.jpeg>]

Package fancyhdr Warning: \headheight is too small (12.0pt): 
(fancyhdr)                Make it at least 26.96202pt, for example:
(fancyhdr)                \setlength{\headheight}{26.96202pt}.
(fancyhdr)                You might also make \topmargin smaller to compensate:

(fancyhdr)                \addtolength{\topmargin}{-14.96202pt}.

[23]
Chapter 4.
[24

]
<figures/fig5.png, id=107, 482.80376pt x 166.6225pt>
File: figures/fig5.png Graphic file (type png)
<use figures/fig5.png>
Package pdftex.def Info: figures/fig5.png  used on input line 468.
(pdftex.def)             Requested size: 341.44492pt x 117.83752pt.


Package fancyhdr Warning: \headheight is too small (12.0pt): 
(fancyhdr)                Make it at least 14.49998pt, for example:
(fancyhdr)                \setlength{\headheight}{14.49998pt}.
(fancyhdr)                You might also make \topmargin smaller to compensate:

(fancyhdr)                \addtolength{\topmargin}{-2.49998pt}.

[25 <./figures/fig5.png>]
<figures/figd.png, id=112, 336.50719pt x 330.48468pt>
File: figures/figd.png Graphic file (type png)
<use figures/figd.png>
Package pdftex.def Info: figures/figd.png  used on input line 484.
(pdftex.def)             Requested size: 341.43564pt x 284.53906pt.
Package textcomp Info: Symbol \textcelsius not provided by
(textcomp)             font family ntxtlf in TS1 encoding.
(textcomp)             Default family used instead on input line 491.
Package textcomp Info: Symbol \textcelsius not provided by
(textcomp)             font family ntxtlf in TS1 encoding.
(textcomp)             Default family used instead on input line 491.


Package fancyhdr Warning: \headheight is too small (12.0pt): 
(fancyhdr)                Make it at least 14.49998pt, for example:
(fancyhdr)                \setlength{\headheight}{14.49998pt}.
(fancyhdr)                You might also make \topmargin smaller to compensate:

(fancyhdr)                \addtolength{\topmargin}{-2.49998pt}.

[26{/usr/share/texmf/fonts/enc/dvips/cm-super/cm-super-ts1.enc}]

Package fancyhdr Warning: \headheight is too small (12.0pt): 
(fancyhdr)                Make it at least 14.49998pt, for example:
(fancyhdr)                \setlength{\headheight}{14.49998pt}.
(fancyhdr)                You might also make \topmargin smaller to compensate:

(fancyhdr)                \addtolength{\topmargin}{-2.49998pt}.

[27 <./figures/figd.png>]

Package fancyhdr Warning: \headheight is too small (12.0pt): 
(fancyhdr)                Make it at least 14.49998pt, for example:
(fancyhdr)                \setlength{\headheight}{14.49998pt}.
(fancyhdr)                You might also make \topmargin smaller to compensate:

(fancyhdr)                \addtolength{\topmargin}{-2.49998pt}.

[28]

Package fancyhdr Warning: \headheight is too small (12.0pt): 
(fancyhdr)                Make it at least 14.49998pt, for example:
(fancyhdr)                \setlength{\headheight}{14.49998pt}.
(fancyhdr)                You might also make \topmargin smaller to compensate:

(fancyhdr)                \addtolength{\topmargin}{-2.49998pt}.

[29]

Package fancyhdr Warning: \headheight is too small (12.0pt): 
(fancyhdr)                Make it at least 14.49998pt, for example:
(fancyhdr)                \setlength{\headheight}{14.49998pt}.
(fancyhdr)                You might also make \topmargin smaller to compensate:

(fancyhdr)                \addtolength{\topmargin}{-2.49998pt}.

[30]
Chapter 5.
(./seminar_draft.bbl [31

]
LaTeX Font Info:    Trying to load font information for T1+ntxtt on input line 
30.

(/usr/share/texlive/texmf-dist/tex/latex/newtx/t1ntxtt.fd
File: t1ntxtt.fd 2012/04/20 v3.1
)
LaTeX Font Info:    Font shape `T1/ntxtt/m/n' will be
(Font)              scaled to size 12.0pt on input line 30.

Underfull \hbox (badness 5548) in paragraph at lines 86--108
[]\T1/ntxtlf/m/n/12 Beil, S. B., Pol-lok, D., & Wald-vo-gel, S. R.  (2021).  Re
-pro-ducibil-ity
 []


Underfull \hbox (badness 10000) in paragraph at lines 86--108
\T1/ntxtlf/m/n/12 in elec-troor-ganic syn-the-sis^^Vmyths and mis-un-der-stand-
ings.  \T1/ntxtlf/m/it/12 Ange-wandte
 []


Underfull \hbox (badness 10000) in paragraph at lines 86--108
\T1/ntxtlf/m/it/12 Chemie In-ter-na-tional Edi-tion\T1/ntxtlf/m/n/12 , \T1/ntxt
lf/m/it/12 60\T1/ntxtlf/m/n/12 (27), 14750-14759.  Re-trieved from
 []


Underfull \hbox (badness 10000) in paragraph at lines 86--108
\T1/ntxtt/m/n/12 https://onlinelibrary.wiley.com/doi/abs/10.1002/anie.202014544

 []


Underfull \hbox (badness 1824) in paragraph at lines 153--174
[]\T1/ntxtlf/m/n/12 Chen, H., Rim, Y. S., Jiang, C., & Yang, Y.  (2015).  Low-i
mpurity high-
 []


Underfull \hbox (badness 10000) in paragraph at lines 153--174
\T1/ntxtlf/m/n/12 performance solution-processed metal ox-ide semi-con-duc-tors
 via a facile
 []


Underfull \hbox (badness 10000) in paragraph at lines 153--174
\T1/ntxtlf/m/n/12 re-dox re-ac-tion.  \T1/ntxtlf/m/it/12 Chem-istry of Ma-te-ri
-als\T1/ntxtlf/m/n/12 , \T1/ntxtlf/m/it/12 27\T1/ntxtlf/m/n/12 (13), 4713-4718.
  Re-
 []


Underfull \hbox (badness 5607) in paragraph at lines 153--174
\T1/ntxtlf/m/n/12 trieved from \T1/ntxtt/m/n/12 https://doi.org/10.1021/acs.che
mmater.5b01347   \T1/ntxtlf/m/n/12 doi:
 []


Underfull \hbox (badness 6725) in paragraph at lines 295--315
[]\T1/ntxtlf/m/n/12 Garnovskii, A. D., Blanco, L. M., Kharisov, B. I., Gar-novs
kii, D. A.,
 []


Underfull \hbox (badness 7221) in paragraph at lines 295--315
\T1/ntxtlf/m/n/12 & Burlov, A. S.  (1999).  Di-rect elec-trosyn-the-sis of meta
l com-
 []


Underfull \hbox (badness 1430) in paragraph at lines 295--315
\T1/ntxtlf/m/n/12 plexes: State of the art.  \T1/ntxtlf/m/it/12 Jour-nal of Co-
or-di-na-tion Chem-istry\T1/ntxtlf/m/n/12 , \T1/ntxtlf/m/it/12 48\T1/ntxtlf/m/n
/12 (3), 219--
 []

[32

]
Overfull \hbox (23.69907pt too wide) in paragraph at lines 541--566
\T1/ntxtt/m/n/12 https://advanced.onlinelibrary.wiley.com/doi/abs/10.1002/adma.
200702932
 []


Underfull \hbox (badness 10000) in paragraph at lines 580--603
\T1/ntxtt/m/n/12 https://www.sciencedirect.com/science/article/pii/S03796779960
37733
 []


Package fancyhdr Warning: \headheight is too small (12.0pt): 
(fancyhdr)                Make it at least 14.49998pt, for example:
(fancyhdr)                \setlength{\headheight}{14.49998pt}.
(fancyhdr)                You might also make \topmargin smaller to compensate:

(fancyhdr)                \addtolength{\topmargin}{-2.49998pt}.

[33]
Underfull \hbox (badness 2401) in paragraph at lines 645--663
[]\T1/ntxtlf/m/n/12 Leiduan Hao, Z. S.  (2021).  Metal oxide-based ma-te-ri-als
 for elec-tro-chem-i-cal
 []


Underfull \hbox (badness 10000) in paragraph at lines 709--734
\T1/ntxtt/m/n/12 https://www.sciencedirect.com/science/article/pii/S01659936250
03486
 []


Underfull \hbox (badness 1303) in paragraph at lines 780--800
[]\T1/ntxtlf/m/n/12 Medhi, R., Mar-quez, M. D., & Lee, T. R.  (2020).  Visible-
light-active doped
 []


Underfull \hbox (badness 1590) in paragraph at lines 780--800
\T1/ntxtlf/m/n/12 metal ox-ide nanopar-ti-cles: Re-view of their syn-the-sis, p
rop-er-ties, and ap-pli-
 []


Underfull \hbox (badness 2205) in paragraph at lines 780--800
\T1/ntxtlf/m/n/12 ca-tions.  \T1/ntxtlf/m/it/12 ACS Ap-plied Nano Ma-te-ri-als\
T1/ntxtlf/m/n/12 , \T1/ntxtlf/m/it/12 3\T1/ntxtlf/m/n/12 (7), 6156-6185.  Re-tr
ieved from
 []


Underfull \hbox (badness 3354) in paragraph at lines 887--910
\T1/ntxtlf/m/n/12 Syn-the-sis tech-niques and ap-pli-ca-tions of rare earth met
al ox-ides semi-con-
 []


Underfull \hbox (badness 10000) in paragraph at lines 887--910
\T1/ntxtt/m/n/12 https://www.sciencedirect.com/science/article/pii/S00092614220
02226
 []


Underfull \hbox (badness 1286) in paragraph at lines 926--946
[]\T1/ntxtlf/m/n/12 Pazhamalai, P., Kr-ish-nan, V., Mo-hamed Saleem, M. S., Kim
, S.-J., & Seo, H.-
 []


Package fancyhdr Warning: \headheight is too small (12.0pt): 
(fancyhdr)                Make it at least 14.49998pt, for example:
(fancyhdr)                \setlength{\headheight}{14.49998pt}.
(fancyhdr)                You might also make \topmargin smaller to compensate:

(fancyhdr)                \addtolength{\topmargin}{-2.49998pt}.

[34]
Underfull \hbox (badness 10000) in paragraph at lines 958--977
\T1/ntxtt/m/n/12 https://www.sciencedirect.com/science/article/pii/S13882481150
02878
 []


Underfull \hbox (badness 10000) in paragraph at lines 1028--1050
\T1/ntxtt/m/n/12 https://www.sciencedirect.com/science/article/pii/S13590286040
00683
 []


Underfull \hbox (badness 3568) in paragraph at lines 1065--1087
[]\T1/ntxtlf/m/n/12 Rajeshwar, K., Vali, A., Rawat, A., & Myung, N.  (2023).  T
un-ing in-
 []


Underfull \hbox (badness 1924) in paragraph at lines 1065--1087
\T1/ntxtlf/m/n/12 ter-fa-cial chem-istry to di-rect the elec-trosyn-the-sis of 
metal ox-ide semi-con-duc-
 []


Underfull \hbox (badness 2478) in paragraph at lines 1065--1087
\T1/ntxtlf/m/n/12 tors.  \T1/ntxtlf/m/it/12 Ac-counts of Chem-i-cal Re-search\T
1/ntxtlf/m/n/12 , \T1/ntxtlf/m/it/12 56\T1/ntxtlf/m/n/12 (9), 994-1003.  Re-tri
eved from
 []


Underfull \hbox (badness 10000) in paragraph at lines 1207--1233
\T1/ntxtt/m/n/12 https://www.sciencedirect.com/science/article/pii/S00139351150
01784
 []


Underfull \hbox (badness 10000) in paragraph at lines 1245--1270
\T1/ntxtt/m/n/12 https://www.sciencedirect.com/science/article/pii/S02728842250
20826
 []


Package fancyhdr Warning: \headheight is too small (12.0pt): 
(fancyhdr)                Make it at least 14.49998pt, for example:
(fancyhdr)                \setlength{\headheight}{14.49998pt}.
(fancyhdr)                You might also make \topmargin smaller to compensate:

(fancyhdr)                \addtolength{\topmargin}{-2.49998pt}.

[35]
Underfull \hbox (badness 5490) in paragraph at lines 1315--1337
[]\T1/ntxtlf/m/n/12 Tian, J., & Cao, G.  (2015).  Con-trol of nanos-truc-tures 
and in-ter-faces
 []


Underfull \hbox (badness 2012) in paragraph at lines 1315--1337
\T1/ntxtlf/m/n/12 of metal ox-ide semi-con-duc-tors for quantum-dots-sensitized
 so-lar cells.  \T1/ntxtlf/m/it/12 The
 []


Underfull \hbox (badness 2529) in paragraph at lines 1315--1337
\T1/ntxtlf/m/it/12 Jour-nal of Phys-i-cal Chem-istry Let-ters\T1/ntxtlf/m/n/12 
, \T1/ntxtlf/m/it/12 6\T1/ntxtlf/m/n/12 (10), 1859-1869.  Re-trieved from
 []


Underfull \hbox (badness 7362) in paragraph at lines 1351--1372
[]\T1/ntxtlf/m/n/12 Tovar-Oliva, M. S., & Tudela, I.  (2024).  Elec-trode-po-si
-tion of nano-
 []


Underfull \hbox (badness 10000) in paragraph at lines 1351--1372
\T1/ntxtlf/m/n/12 and micro-materials: Ad-vance-ments in elec-tro-cat-a-lysts f
or elec-tro-chem-i-
 []


Underfull \hbox (badness 3492) in paragraph at lines 1351--1372
\T1/ntxtlf/m/n/12 cal ap-pli-ca-tions.  \T1/ntxtlf/m/it/12 Re-sults in En-gi-ne
er-ing\T1/ntxtlf/m/n/12 , \T1/ntxtlf/m/it/12 24\T1/ntxtlf/m/n/12 , 103285.  Re-
trieved from
 []


Underfull \hbox (badness 10000) in paragraph at lines 1351--1372
\T1/ntxtt/m/n/12 https://www.sciencedirect.com/science/article/pii/S25901230240
15391
 []


Underfull \hbox (badness 1694) in paragraph at lines 1549--1571
\T1/ntxtlf/m/n/12 Re-cent ad-vances in metal ox-ide semi-con-duc-tor het-ero-ju
nc-tions for the de-tec-
 []


Underfull \hbox (badness 1107) in paragraph at lines 1549--1571
\T1/ntxtlf/m/n/12 tion of volatile or-ganic com-pounds.  \T1/ntxtlf/m/it/12 Che
mosen-sors\T1/ntxtlf/m/n/12 , \T1/ntxtlf/m/it/12 12\T1/ntxtlf/m/n/12 (12).  Re-
trieved from
 []


Package fancyhdr Warning: \headheight is too small (12.0pt): 
(fancyhdr)                Make it at least 14.49998pt, for example:
(fancyhdr)                \setlength{\headheight}{14.49998pt}.
(fancyhdr)                You might also make \topmargin smaller to compensate:

(fancyhdr)                \addtolength{\topmargin}{-2.49998pt}.

[36])

Package fancyhdr Warning: \headheight is too small (12.0pt): 
(fancyhdr)                Make it at least 14.49998pt, for example:
(fancyhdr)                \setlength{\headheight}{14.49998pt}.
(fancyhdr)                You might also make \topmargin smaller to compensate:

(fancyhdr)                \addtolength{\topmargin}{-2.49998pt}.

[37] (./seminar_draft.aux)
 ***********
LaTeX2e <2023-11-01> patch level 1
L3 programming layer <2020/03/25>
 ***********


LaTeX Warning: There were multiply-defined labels.

 ) 
Here is how much of TeX's memory you used:
 8905 strings out of 476182
 124617 string characters out of 5795594
 1935975 words of memory out of 5000000
 30748 multiletter control sequences out of 15000+600000
 620394 words of font info for 118 fonts, out of 8000000 for 9000
 14 hyphenation exceptions out of 8191
 80i,11n,93p,2186b,323s stack positions out of 10000i,1000n,20000p,200000b,200000s
</usr/share/texlive/texmf-dist/fonts/type1/public/newtx/NewTXMI.pfb></usr/sha
re/texmf/fonts/type1/public/tex-gyre/qtmr.pfb></usr/share/texmf/fonts/type1/pub
lic/cm-super/sfrm1200.pfb></usr/share/texlive/texmf-dist/fonts/type1/public/txf
onts/t1xtt.pfb></usr/share/texlive/texmf-dist/fonts/type1/public/newtx/txexs.pf
b></usr/share/texlive/texmf-dist/fonts/type1/public/newtx/txmiaX.pfb></usr/shar
e/texlive/texmf-dist/fonts/type1/public/newtx/txsys.pfb></usr/share/texlive/tex
mf-dist/fonts/type1/public/newtx/ztmb.pfb></usr/share/texlive/texmf-dist/fonts/
type1/public/newtx/ztmr.pfb></usr/share/texlive/texmf-dist/fonts/type1/public/n
ewtx/ztmri.pfb>
Output written on seminar_draft.pdf (38 pages, 2787574 bytes).
PDF statistics:
 206 PDF objects out of 1000 (max. 8388607)
 124 compressed objects within 2 object streams
 0 named destinations out of 1000 (max. 500000)
 66 words of extra memory for PDF output out of 10000 (max. 10000000)

